C:\Users\jorda\Google Drive\SpringToolSuite Workspace\JustWatch\src\main\java\com\example\controllers\UserController.java
C:\Users\jorda\Google Drive\SpringToolSuite Workspace\JustWatch\src\main\java\com\example\mysql\User.java
C:\Users\jorda\Google Drive\SpringToolSuite Workspace\JustWatch\src\main\java\com\example\controllers\FriendController.java
C:\Users\jorda\Google Drive\SpringToolSuite Workspace\JustWatch\src\main\java\com\example\mysql\Friend.java
C:\Users\jorda\Google Drive\SpringToolSuite Workspace\JustWatch\src\main\java\com\example\controllers\MembershipController.java
C:\Users\jorda\Google Drive\SpringToolSuite Workspace\JustWatch\src\main\java\com\example\controllers\PartyController.java
C:\Users\jorda\Google Drive\SpringToolSuite Workspace\JustWatch\src\main\java\com\example\JustWatchApplication.java
C:\Users\jorda\Google Drive\SpringToolSuite Workspace\JustWatch\src\main\java\com\example\mysql\Membership.java
C:\Users\jorda\Google Drive\SpringToolSuite Workspace\JustWatch\src\main\java\com\example\repos\MembershipRepository.java
C:\Users\jorda\Google Drive\SpringToolSuite Workspace\JustWatch\src\main\java\com\example\mysql\Party.java
C:\Users\jorda\Google Drive\SpringToolSuite Workspace\JustWatch\src\main\java\com\example\repos\UserRepository.java
C:\Users\jorda\Google Drive\SpringToolSuite Workspace\JustWatch\src\main\java\com\example\repos\PartyRepository.java
C:\Users\jorda\Google Drive\SpringToolSuite Workspace\JustWatch\src\main\java\com\example\repos\FriendRepository.java
